Archive member included because of file (symbol)

c:/program files (x86)/atmel/atmel toolchain/avr8 gcc/native/3.4.1061/avr8-gnu-toolchain/bin/../lib/gcc/avr/4.8.1/../../../../avr/lib/avr6\libm.a(addsf3.o)
                              Task5.o (__addsf3)
c:/program files (x86)/atmel/atmel toolchain/avr8 gcc/native/3.4.1061/avr8-gnu-toolchain/bin/../lib/gcc/avr/4.8.1/../../../../avr/lib/avr6\libm.a(addsf3x.o)
                              c:/program files (x86)/atmel/atmel toolchain/avr8 gcc/native/3.4.1061/avr8-gnu-toolchain/bin/../lib/gcc/avr/4.8.1/../../../../avr/lib/avr6\libm.a(addsf3.o) (__addsf3x)
c:/program files (x86)/atmel/atmel toolchain/avr8 gcc/native/3.4.1061/avr8-gnu-toolchain/bin/../lib/gcc/avr/4.8.1/../../../../avr/lib/avr6\libm.a(divsf3.o)
                              Task5.o (__divsf3)
c:/program files (x86)/atmel/atmel toolchain/avr8 gcc/native/3.4.1061/avr8-gnu-toolchain/bin/../lib/gcc/avr/4.8.1/../../../../avr/lib/avr6\libm.a(divsf3x.o)
                              c:/program files (x86)/atmel/atmel toolchain/avr8 gcc/native/3.4.1061/avr8-gnu-toolchain/bin/../lib/gcc/avr/4.8.1/../../../../avr/lib/avr6\libm.a(divsf3.o) (__divsf3x)
c:/program files (x86)/atmel/atmel toolchain/avr8 gcc/native/3.4.1061/avr8-gnu-toolchain/bin/../lib/gcc/avr/4.8.1/../../../../avr/lib/avr6\libm.a(fixsfsi.o)
                              Task5.o (__fixsfsi)
c:/program files (x86)/atmel/atmel toolchain/avr8 gcc/native/3.4.1061/avr8-gnu-toolchain/bin/../lib/gcc/avr/4.8.1/../../../../avr/lib/avr6\libm.a(fixunssfsi.o)
                              Task5.o (__fixunssfsi)
c:/program files (x86)/atmel/atmel toolchain/avr8 gcc/native/3.4.1061/avr8-gnu-toolchain/bin/../lib/gcc/avr/4.8.1/../../../../avr/lib/avr6\libm.a(floatsisf.o)
                              Task5.o (__floatunsisf)
c:/program files (x86)/atmel/atmel toolchain/avr8 gcc/native/3.4.1061/avr8-gnu-toolchain/bin/../lib/gcc/avr/4.8.1/../../../../avr/lib/avr6\libm.a(fp_inf.o)
                              c:/program files (x86)/atmel/atmel toolchain/avr8 gcc/native/3.4.1061/avr8-gnu-toolchain/bin/../lib/gcc/avr/4.8.1/../../../../avr/lib/avr6\libm.a(addsf3x.o) (__fp_inf)
c:/program files (x86)/atmel/atmel toolchain/avr8 gcc/native/3.4.1061/avr8-gnu-toolchain/bin/../lib/gcc/avr/4.8.1/../../../../avr/lib/avr6\libm.a(fp_nan.o)
                              c:/program files (x86)/atmel/atmel toolchain/avr8 gcc/native/3.4.1061/avr8-gnu-toolchain/bin/../lib/gcc/avr/4.8.1/../../../../avr/lib/avr6\libm.a(addsf3x.o) (__fp_nan)
c:/program files (x86)/atmel/atmel toolchain/avr8 gcc/native/3.4.1061/avr8-gnu-toolchain/bin/../lib/gcc/avr/4.8.1/../../../../avr/lib/avr6\libm.a(fp_pscA.o)
                              c:/program files (x86)/atmel/atmel toolchain/avr8 gcc/native/3.4.1061/avr8-gnu-toolchain/bin/../lib/gcc/avr/4.8.1/../../../../avr/lib/avr6\libm.a(addsf3x.o) (__fp_pscA)
c:/program files (x86)/atmel/atmel toolchain/avr8 gcc/native/3.4.1061/avr8-gnu-toolchain/bin/../lib/gcc/avr/4.8.1/../../../../avr/lib/avr6\libm.a(fp_pscB.o)
                              c:/program files (x86)/atmel/atmel toolchain/avr8 gcc/native/3.4.1061/avr8-gnu-toolchain/bin/../lib/gcc/avr/4.8.1/../../../../avr/lib/avr6\libm.a(addsf3x.o) (__fp_pscB)
c:/program files (x86)/atmel/atmel toolchain/avr8 gcc/native/3.4.1061/avr8-gnu-toolchain/bin/../lib/gcc/avr/4.8.1/../../../../avr/lib/avr6\libm.a(fp_round.o)
                              c:/program files (x86)/atmel/atmel toolchain/avr8 gcc/native/3.4.1061/avr8-gnu-toolchain/bin/../lib/gcc/avr/4.8.1/../../../../avr/lib/avr6\libm.a(addsf3.o) (__fp_round)
c:/program files (x86)/atmel/atmel toolchain/avr8 gcc/native/3.4.1061/avr8-gnu-toolchain/bin/../lib/gcc/avr/4.8.1/../../../../avr/lib/avr6\libm.a(fp_split3.o)
                              c:/program files (x86)/atmel/atmel toolchain/avr8 gcc/native/3.4.1061/avr8-gnu-toolchain/bin/../lib/gcc/avr/4.8.1/../../../../avr/lib/avr6\libm.a(addsf3x.o) (__fp_split3)
c:/program files (x86)/atmel/atmel toolchain/avr8 gcc/native/3.4.1061/avr8-gnu-toolchain/bin/../lib/gcc/avr/4.8.1/../../../../avr/lib/avr6\libm.a(fp_zero.o)
                              c:/program files (x86)/atmel/atmel toolchain/avr8 gcc/native/3.4.1061/avr8-gnu-toolchain/bin/../lib/gcc/avr/4.8.1/../../../../avr/lib/avr6\libm.a(addsf3x.o) (__fp_zero)
c:/program files (x86)/atmel/atmel toolchain/avr8 gcc/native/3.4.1061/avr8-gnu-toolchain/bin/../lib/gcc/avr/4.8.1/../../../../avr/lib/avr6\libm.a(mulsf3.o)
                              Task5.o (__mulsf3)
c:/program files (x86)/atmel/atmel toolchain/avr8 gcc/native/3.4.1061/avr8-gnu-toolchain/bin/../lib/gcc/avr/4.8.1/../../../../avr/lib/avr6\libm.a(mulsf3x.o)
                              c:/program files (x86)/atmel/atmel toolchain/avr8 gcc/native/3.4.1061/avr8-gnu-toolchain/bin/../lib/gcc/avr/4.8.1/../../../../avr/lib/avr6\libm.a(mulsf3.o) (__mulsf3x)
c:/program files (x86)/atmel/atmel toolchain/avr8 gcc/native/3.4.1061/avr8-gnu-toolchain/bin/../lib/gcc/avr/4.8.1/../../../../avr/lib/avr6\libm.a(pow.o)
                              Task5.o (pow)
c:/program files (x86)/atmel/atmel toolchain/avr8 gcc/native/3.4.1061/avr8-gnu-toolchain/bin/../lib/gcc/avr/4.8.1/../../../../avr/lib/avr6\libm.a(exp.o)
                              c:/program files (x86)/atmel/atmel toolchain/avr8 gcc/native/3.4.1061/avr8-gnu-toolchain/bin/../lib/gcc/avr/4.8.1/../../../../avr/lib/avr6\libm.a(pow.o) (exp)
c:/program files (x86)/atmel/atmel toolchain/avr8 gcc/native/3.4.1061/avr8-gnu-toolchain/bin/../lib/gcc/avr/4.8.1/../../../../avr/lib/avr6\libm.a(fp_powser.o)
                              c:/program files (x86)/atmel/atmel toolchain/avr8 gcc/native/3.4.1061/avr8-gnu-toolchain/bin/../lib/gcc/avr/4.8.1/../../../../avr/lib/avr6\libm.a(exp.o) (__fp_powser)
c:/program files (x86)/atmel/atmel toolchain/avr8 gcc/native/3.4.1061/avr8-gnu-toolchain/bin/../lib/gcc/avr/4.8.1/../../../../avr/lib/avr6\libm.a(inverse.o)
                              c:/program files (x86)/atmel/atmel toolchain/avr8 gcc/native/3.4.1061/avr8-gnu-toolchain/bin/../lib/gcc/avr/4.8.1/../../../../avr/lib/avr6\libm.a(exp.o) (inverse)
c:/program files (x86)/atmel/atmel toolchain/avr8 gcc/native/3.4.1061/avr8-gnu-toolchain/bin/../lib/gcc/avr/4.8.1/../../../../avr/lib/avr6\libm.a(ldexp.o)
                              c:/program files (x86)/atmel/atmel toolchain/avr8 gcc/native/3.4.1061/avr8-gnu-toolchain/bin/../lib/gcc/avr/4.8.1/../../../../avr/lib/avr6\libm.a(exp.o) (ldexp)
c:/program files (x86)/atmel/atmel toolchain/avr8 gcc/native/3.4.1061/avr8-gnu-toolchain/bin/../lib/gcc/avr/4.8.1/../../../../avr/lib/avr6\libm.a(log.o)
                              c:/program files (x86)/atmel/atmel toolchain/avr8 gcc/native/3.4.1061/avr8-gnu-toolchain/bin/../lib/gcc/avr/4.8.1/../../../../avr/lib/avr6\libm.a(pow.o) (log)
c:/program files (x86)/atmel/atmel toolchain/avr8 gcc/native/3.4.1061/avr8-gnu-toolchain/bin/../lib/gcc/avr/4.8.1/../../../../avr/lib/avr6\libm.a(modf.o)
                              c:/program files (x86)/atmel/atmel toolchain/avr8 gcc/native/3.4.1061/avr8-gnu-toolchain/bin/../lib/gcc/avr/4.8.1/../../../../avr/lib/avr6\libm.a(exp.o) (modf)
c:/program files (x86)/atmel/atmel toolchain/avr8 gcc/native/3.4.1061/avr8-gnu-toolchain/bin/../lib/gcc/avr/4.8.1/../../../../avr/lib/avr6\libm.a(fp_mpack.o)
                              c:/program files (x86)/atmel/atmel toolchain/avr8 gcc/native/3.4.1061/avr8-gnu-toolchain/bin/../lib/gcc/avr/4.8.1/../../../../avr/lib/avr6\libm.a(ldexp.o) (__fp_mpack)
c:/program files (x86)/atmel/atmel toolchain/avr8 gcc/native/3.4.1061/avr8-gnu-toolchain/bin/../lib/gcc/avr/4.8.1/avr6\libgcc.a(_exit.o)
                              c:/program files (x86)/atmel/atmel toolchain/avr8 gcc/native/3.4.1061/avr8-gnu-toolchain/bin/../lib/gcc/avr/4.8.1/../../../../avr/lib/avr6/crtm2560.o (exit)
c:/program files (x86)/atmel/atmel toolchain/avr8 gcc/native/3.4.1061/avr8-gnu-toolchain/bin/../lib/gcc/avr/4.8.1/avr6\libgcc.a(_copy_data.o)
                              Task5.o (__do_copy_data)
c:/program files (x86)/atmel/atmel toolchain/avr8 gcc/native/3.4.1061/avr8-gnu-toolchain/bin/../lib/gcc/avr/4.8.1/avr6\libgcc.a(_clear_bss.o)
                              Task5.o (__do_clear_bss)
c:/program files (x86)/atmel/atmel toolchain/avr8 gcc/native/3.4.1061/avr8-gnu-toolchain/bin/../lib/gcc/avr/4.8.1/avr6\libgcc.a(_umulhisi3.o)
                              Task5.o (__umulhisi3)
c:/program files (x86)/atmel/atmel toolchain/avr8 gcc/native/3.4.1061/avr8-gnu-toolchain/bin/../lib/gcc/avr/4.8.1/../../../../avr/lib/avr6\libc.a(malloc.o)
                              Task5.o (malloc)

Allocating common symbols
Common symbol       size              file

pre                 0x1e              Task5.o
Degrees             0x2               Task5.o
million             0x2               Task5.o
adc_reading         0x1               Task5.o
ms                  0x1               Task5.o
temp                0x2               Task5.o
rs                  0x1               Task5.o
distance            0x1               Task5.o
__brkval            0x2               c:/program files (x86)/atmel/atmel toolchain/avr8 gcc/native/3.4.1061/avr8-gnu-toolchain/bin/../lib/gcc/avr/4.8.1/../../../../avr/lib/avr6\libc.a(malloc.o)
ADC_Value           0x1               Task5.o
tens                0x2               Task5.o
hundred             0x2               Task5.o
wall                0x1               Task5.o
ls                  0x1               Task5.o
sharp               0x1               Task5.o
__flp               0x2               c:/program files (x86)/atmel/atmel toolchain/avr8 gcc/native/3.4.1061/avr8-gnu-toolchain/bin/../lib/gcc/avr/4.8.1/../../../../avr/lib/avr6\libc.a(malloc.o)
dis                 0x1e              Task5.o
unit                0x2               Task5.o
thousand            0x2               Task5.o
value               0x2               Task5.o

Discarded input sections

 .data          0x00000000        0x0 c:/program files (x86)/atmel/atmel toolchain/avr8 gcc/native/3.4.1061/avr8-gnu-toolchain/bin/../lib/gcc/avr/4.8.1/../../../../avr/lib/avr6/crtm2560.o
 .bss           0x00000000        0x0 c:/program files (x86)/atmel/atmel toolchain/avr8 gcc/native/3.4.1061/avr8-gnu-toolchain/bin/../lib/gcc/avr/4.8.1/../../../../avr/lib/avr6/crtm2560.o
 .text          0x00000000        0x0 Task5.o
 .data          0x00000000        0x0 Task5.o
 .bss           0x00000000        0x0 Task5.o
 .text.lcd_cursor
                0x00000000       0x3e Task5.o
 .text.which_block
                0x00000000      0x16c Task5.o
 .text.buzzer_off
                0x00000000        0x8 Task5.o
 .text.buzzer_on
                0x00000000       0x1e Task5.o
 .text.soft_right_2
                0x00000000        0x8 Task5.o
 .text.soft_left_2
                0x00000000        0x8 Task5.o
 .text.velocity
                0x00000000        0xa Task5.o
 .text.servo_1  0x00000000       0x32 Task5.o
 .text.servo_2  0x00000000       0x32 Task5.o
 .text.print_sensor
                0x00000000       0x28 Task5.o
 .text.LCD_ON   0x00000000       0x54 Task5.o
 .text.m_place_hr
                0x00000000        0x2 Task5.o
 .text.block_choose
                0x00000000      0x2be Task5.o
 .text.left_turn_wls_bwall
                0x00000000       0x50 Task5.o
 .text.circuit_1
                0x00000000       0xae Task5.o
 .data.house_req
                0x00000000        0xa Task5.o
 .text          0x00000000        0x0 c:/program files (x86)/atmel/atmel toolchain/avr8 gcc/native/3.4.1061/avr8-gnu-toolchain/bin/../lib/gcc/avr/4.8.1/../../../../avr/lib/avr6\libm.a(addsf3.o)
 .data          0x00000000        0x0 c:/program files (x86)/atmel/atmel toolchain/avr8 gcc/native/3.4.1061/avr8-gnu-toolchain/bin/../lib/gcc/avr/4.8.1/../../../../avr/lib/avr6\libm.a(addsf3.o)
 .bss           0x00000000        0x0 c:/program files (x86)/atmel/atmel toolchain/avr8 gcc/native/3.4.1061/avr8-gnu-toolchain/bin/../lib/gcc/avr/4.8.1/../../../../avr/lib/avr6\libm.a(addsf3.o)
 .text          0x00000000        0x0 c:/program files (x86)/atmel/atmel toolchain/avr8 gcc/native/3.4.1061/avr8-gnu-toolchain/bin/../lib/gcc/avr/4.8.1/../../../../avr/lib/avr6\libm.a(addsf3x.o)
 .data          0x00000000        0x0 c:/program files (x86)/atmel/atmel toolchain/avr8 gcc/native/3.4.1061/avr8-gnu-toolchain/bin/../lib/gcc/avr/4.8.1/../../../../avr/lib/avr6\libm.a(addsf3x.o)
 .bss           0x00000000        0x0 c:/program files (x86)/atmel/atmel toolchain/avr8 gcc/native/3.4.1061/avr8-gnu-toolchain/bin/../lib/gcc/avr/4.8.1/../../../../avr/lib/avr6\libm.a(addsf3x.o)
 .text          0x00000000        0x0 c:/program files (x86)/atmel/atmel toolchain/avr8 gcc/native/3.4.1061/avr8-gnu-toolchain/bin/../lib/gcc/avr/4.8.1/../../../../avr/lib/avr6\libm.a(divsf3.o)
 .data          0x00000000        0x0 c:/program files (x86)/atmel/atmel toolchain/avr8 gcc/native/3.4.1061/avr8-gnu-toolchain/bin/../lib/gcc/avr/4.8.1/../../../../avr/lib/avr6\libm.a(divsf3.o)
 .bss           0x00000000        0x0 c:/program files (x86)/atmel/atmel toolchain/avr8 gcc/native/3.4.1061/avr8-gnu-toolchain/bin/../lib/gcc/avr/4.8.1/../../../../avr/lib/avr6\libm.a(divsf3.o)
 .text          0x00000000        0x0 c:/program files (x86)/atmel/atmel toolchain/avr8 gcc/native/3.4.1061/avr8-gnu-toolchain/bin/../lib/gcc/avr/4.8.1/../../../../avr/lib/avr6\libm.a(divsf3x.o)
 .data          0x00000000        0x0 c:/program files (x86)/atmel/atmel toolchain/avr8 gcc/native/3.4.1061/avr8-gnu-toolchain/bin/../lib/gcc/avr/4.8.1/../../../../avr/lib/avr6\libm.a(divsf3x.o)
 .bss           0x00000000        0x0 c:/program files (x86)/atmel/atmel toolchain/avr8 gcc/native/3.4.1061/avr8-gnu-toolchain/bin/../lib/gcc/avr/4.8.1/../../../../avr/lib/avr6\libm.a(divsf3x.o)
 .text          0x00000000        0x0 c:/program files (x86)/atmel/atmel toolchain/avr8 gcc/native/3.4.1061/avr8-gnu-toolchain/bin/../lib/gcc/avr/4.8.1/../../../../avr/lib/avr6\libm.a(fixsfsi.o)
 .data          0x00000000        0x0 c:/program files (x86)/atmel/atmel toolchain/avr8 gcc/native/3.4.1061/avr8-gnu-toolchain/bin/../lib/gcc/avr/4.8.1/../../../../avr/lib/avr6\libm.a(fixsfsi.o)
 .bss           0x00000000        0x0 c:/program files (x86)/atmel/atmel toolchain/avr8 gcc/native/3.4.1061/avr8-gnu-toolchain/bin/../lib/gcc/avr/4.8.1/../../../../avr/lib/avr6\libm.a(fixsfsi.o)
 .text          0x00000000        0x0 c:/program files (x86)/atmel/atmel toolchain/avr8 gcc/native/3.4.1061/avr8-gnu-toolchain/bin/../lib/gcc/avr/4.8.1/../../../../avr/lib/avr6\libm.a(fixunssfsi.o)
 .data          0x00000000        0x0 c:/program files (x86)/atmel/atmel toolchain/avr8 gcc/native/3.4.1061/avr8-gnu-toolchain/bin/../lib/gcc/avr/4.8.1/../../../../avr/lib/avr6\libm.a(fixunssfsi.o)
 .bss           0x00000000        0x0 c:/program files (x86)/atmel/atmel toolchain/avr8 gcc/native/3.4.1061/avr8-gnu-toolchain/bin/../lib/gcc/avr/4.8.1/../../../../avr/lib/avr6\libm.a(fixunssfsi.o)
 .text          0x00000000        0x0 c:/program files (x86)/atmel/atmel toolchain/avr8 gcc/native/3.4.1061/avr8-gnu-toolchain/bin/../lib/gcc/avr/4.8.1/../../../../avr/lib/avr6\libm.a(floatsisf.o)
 .data          0x00000000        0x0 c:/program files (x86)/atmel/atmel toolchain/avr8 gcc/native/3.4.1061/avr8-gnu-toolchain/bin/../lib/gcc/avr/4.8.1/../../../../avr/lib/avr6\libm.a(floatsisf.o)
 .bss           0x00000000        0x0 c:/program files (x86)/atmel/atmel toolchain/avr8 gcc/native/3.4.1061/avr8-gnu-toolchain/bin/../lib/gcc/avr/4.8.1/../../../../avr/lib/avr6\libm.a(floatsisf.o)
 .text          0x00000000        0x0 c:/program files (x86)/atmel/atmel toolchain/avr8 gcc/native/3.4.1061/avr8-gnu-toolchain/bin/../lib/gcc/avr/4.8.1/../../../../avr/lib/avr6\libm.a(fp_inf.o)
 .data          0x00000000        0x0 c:/program files (x86)/atmel/atmel toolchain/avr8 gcc/native/3.4.1061/avr8-gnu-toolchain/bin/../lib/gcc/avr/4.8.1/../../../../avr/lib/avr6\libm.a(fp_inf.o)
 .bss           0x00000000        0x0 c:/program files (x86)/atmel/atmel toolchain/avr8 gcc/native/3.4.1061/avr8-gnu-toolchain/bin/../lib/gcc/avr/4.8.1/../../../../avr/lib/avr6\libm.a(fp_inf.o)
 .text          0x00000000        0x0 c:/program files (x86)/atmel/atmel toolchain/avr8 gcc/native/3.4.1061/avr8-gnu-toolchain/bin/../lib/gcc/avr/4.8.1/../../../../avr/lib/avr6\libm.a(fp_nan.o)
 .data          0x00000000        0x0 c:/program files (x86)/atmel/atmel toolchain/avr8 gcc/native/3.4.1061/avr8-gnu-toolchain/bin/../lib/gcc/avr/4.8.1/../../../../avr/lib/avr6\libm.a(fp_nan.o)
 .bss           0x00000000        0x0 c:/program files (x86)/atmel/atmel toolchain/avr8 gcc/native/3.4.1061/avr8-gnu-toolchain/bin/../lib/gcc/avr/4.8.1/../../../../avr/lib/avr6\libm.a(fp_nan.o)
 .text          0x00000000        0x0 c:/program files (x86)/atmel/atmel toolchain/avr8 gcc/native/3.4.1061/avr8-gnu-toolchain/bin/../lib/gcc/avr/4.8.1/../../../../avr/lib/avr6\libm.a(fp_pscA.o)
 .data          0x00000000        0x0 c:/program files (x86)/atmel/atmel toolchain/avr8 gcc/native/3.4.1061/avr8-gnu-toolchain/bin/../lib/gcc/avr/4.8.1/../../../../avr/lib/avr6\libm.a(fp_pscA.o)
 .bss           0x00000000        0x0 c:/program files (x86)/atmel/atmel toolchain/avr8 gcc/native/3.4.1061/avr8-gnu-toolchain/bin/../lib/gcc/avr/4.8.1/../../../../avr/lib/avr6\libm.a(fp_pscA.o)
 .text          0x00000000        0x0 c:/program files (x86)/atmel/atmel toolchain/avr8 gcc/native/3.4.1061/avr8-gnu-toolchain/bin/../lib/gcc/avr/4.8.1/../../../../avr/lib/avr6\libm.a(fp_pscB.o)
 .data          0x00000000        0x0 c:/program files (x86)/atmel/atmel toolchain/avr8 gcc/native/3.4.1061/avr8-gnu-toolchain/bin/../lib/gcc/avr/4.8.1/../../../../avr/lib/avr6\libm.a(fp_pscB.o)
 .bss           0x00000000        0x0 c:/program files (x86)/atmel/atmel toolchain/avr8 gcc/native/3.4.1061/avr8-gnu-toolchain/bin/../lib/gcc/avr/4.8.1/../../../../avr/lib/avr6\libm.a(fp_pscB.o)
 .text          0x00000000        0x0 c:/program files (x86)/atmel/atmel toolchain/avr8 gcc/native/3.4.1061/avr8-gnu-toolchain/bin/../lib/gcc/avr/4.8.1/../../../../avr/lib/avr6\libm.a(fp_round.o)
 .data          0x00000000        0x0 c:/program files (x86)/atmel/atmel toolchain/avr8 gcc/native/3.4.1061/avr8-gnu-toolchain/bin/../lib/gcc/avr/4.8.1/../../../../avr/lib/avr6\libm.a(fp_round.o)
 .bss           0x00000000        0x0 c:/program files (x86)/atmel/atmel toolchain/avr8 gcc/native/3.4.1061/avr8-gnu-toolchain/bin/../lib/gcc/avr/4.8.1/../../../../avr/lib/avr6\libm.a(fp_round.o)
 .text          0x00000000        0x0 c:/program files (x86)/atmel/atmel toolchain/avr8 gcc/native/3.4.1061/avr8-gnu-toolchain/bin/../lib/gcc/avr/4.8.1/../../../../avr/lib/avr6\libm.a(fp_split3.o)
 .data          0x00000000        0x0 c:/program files (x86)/atmel/atmel toolchain/avr8 gcc/native/3.4.1061/avr8-gnu-toolchain/bin/../lib/gcc/avr/4.8.1/../../../../avr/lib/avr6\libm.a(fp_split3.o)
 .bss           0x00000000        0x0 c:/program files (x86)/atmel/atmel toolchain/avr8 gcc/native/3.4.1061/avr8-gnu-toolchain/bin/../lib/gcc/avr/4.8.1/../../../../avr/lib/avr6\libm.a(fp_split3.o)
 .text          0x00000000        0x0 c:/program files (x86)/atmel/atmel toolchain/avr8 gcc/native/3.4.1061/avr8-gnu-toolchain/bin/../lib/gcc/avr/4.8.1/../../../../avr/lib/avr6\libm.a(fp_zero.o)
 .data          0x00000000        0x0 c:/program files (x86)/atmel/atmel toolchain/avr8 gcc/native/3.4.1061/avr8-gnu-toolchain/bin/../lib/gcc/avr/4.8.1/../../../../avr/lib/avr6\libm.a(fp_zero.o)
 .bss           0x00000000        0x0 c:/program files (x86)/atmel/atmel toolchain/avr8 gcc/native/3.4.1061/avr8-gnu-toolchain/bin/../lib/gcc/avr/4.8.1/../../../../avr/lib/avr6\libm.a(fp_zero.o)
 .text          0x00000000        0x0 c:/program files (x86)/atmel/atmel toolchain/avr8 gcc/native/3.4.1061/avr8-gnu-toolchain/bin/../lib/gcc/avr/4.8.1/../../../../avr/lib/avr6\libm.a(mulsf3.o)
 .data          0x00000000        0x0 c:/program files (x86)/atmel/atmel toolchain/avr8 gcc/native/3.4.1061/avr8-gnu-toolchain/bin/../lib/gcc/avr/4.8.1/../../../../avr/lib/avr6\libm.a(mulsf3.o)
 .bss           0x00000000        0x0 c:/program files (x86)/atmel/atmel toolchain/avr8 gcc/native/3.4.1061/avr8-gnu-toolchain/bin/../lib/gcc/avr/4.8.1/../../../../avr/lib/avr6\libm.a(mulsf3.o)
 .text          0x00000000        0x0 c:/program files (x86)/atmel/atmel toolchain/avr8 gcc/native/3.4.1061/avr8-gnu-toolchain/bin/../lib/gcc/avr/4.8.1/../../../../avr/lib/avr6\libm.a(mulsf3x.o)
 .data          0x00000000        0x0 c:/program files (x86)/atmel/atmel toolchain/avr8 gcc/native/3.4.1061/avr8-gnu-toolchain/bin/../lib/gcc/avr/4.8.1/../../../../avr/lib/avr6\libm.a(mulsf3x.o)
 .bss           0x00000000        0x0 c:/program files (x86)/atmel/atmel toolchain/avr8 gcc/native/3.4.1061/avr8-gnu-toolchain/bin/../lib/gcc/avr/4.8.1/../../../../avr/lib/avr6\libm.a(mulsf3x.o)
 .text          0x00000000        0x0 c:/program files (x86)/atmel/atmel toolchain/avr8 gcc/native/3.4.1061/avr8-gnu-toolchain/bin/../lib/gcc/avr/4.8.1/../../../../avr/lib/avr6\libm.a(pow.o)
 .data          0x00000000        0x0 c:/program files (x86)/atmel/atmel toolchain/avr8 gcc/native/3.4.1061/avr8-gnu-toolchain/bin/../lib/gcc/avr/4.8.1/../../../../avr/lib/avr6\libm.a(pow.o)
 .bss           0x00000000        0x0 c:/program files (x86)/atmel/atmel toolchain/avr8 gcc/native/3.4.1061/avr8-gnu-toolchain/bin/../lib/gcc/avr/4.8.1/../../../../avr/lib/avr6\libm.a(pow.o)
 .text          0x00000000        0x0 c:/program files (x86)/atmel/atmel toolchain/avr8 gcc/native/3.4.1061/avr8-gnu-toolchain/bin/../lib/gcc/avr/4.8.1/../../../../avr/lib/avr6\libm.a(exp.o)
 .data          0x00000000        0x0 c:/program files (x86)/atmel/atmel toolchain/avr8 gcc/native/3.4.1061/avr8-gnu-toolchain/bin/../lib/gcc/avr/4.8.1/../../../../avr/lib/avr6\libm.a(exp.o)
 .bss           0x00000000        0x0 c:/program files (x86)/atmel/atmel toolchain/avr8 gcc/native/3.4.1061/avr8-gnu-toolchain/bin/../lib/gcc/avr/4.8.1/../../../../avr/lib/avr6\libm.a(exp.o)
 .text          0x00000000        0x0 c:/program files (x86)/atmel/atmel toolchain/avr8 gcc/native/3.4.1061/avr8-gnu-toolchain/bin/../lib/gcc/avr/4.8.1/../../../../avr/lib/avr6\libm.a(fp_powser.o)
 .data          0x00000000        0x0 c:/program files (x86)/atmel/atmel toolchain/avr8 gcc/native/3.4.1061/avr8-gnu-toolchain/bin/../lib/gcc/avr/4.8.1/../../../../avr/lib/avr6\libm.a(fp_powser.o)
 .bss           0x00000000        0x0 c:/program files (x86)/atmel/atmel toolchain/avr8 gcc/native/3.4.1061/avr8-gnu-toolchain/bin/../lib/gcc/avr/4.8.1/../../../../avr/lib/avr6\libm.a(fp_powser.o)
 .text          0x00000000        0x0 c:/program files (x86)/atmel/atmel toolchain/avr8 gcc/native/3.4.1061/avr8-gnu-toolchain/bin/../lib/gcc/avr/4.8.1/../../../../avr/lib/avr6\libm.a(inverse.o)
 .data          0x00000000        0x0 c:/program files (x86)/atmel/atmel toolchain/avr8 gcc/native/3.4.1061/avr8-gnu-toolchain/bin/../lib/gcc/avr/4.8.1/../../../../avr/lib/avr6\libm.a(inverse.o)
 .bss           0x00000000        0x0 c:/program files (x86)/atmel/atmel toolchain/avr8 gcc/native/3.4.1061/avr8-gnu-toolchain/bin/../lib/gcc/avr/4.8.1/../../../../avr/lib/avr6\libm.a(inverse.o)
 .text          0x00000000        0x0 c:/program files (x86)/atmel/atmel toolchain/avr8 gcc/native/3.4.1061/avr8-gnu-toolchain/bin/../lib/gcc/avr/4.8.1/../../../../avr/lib/avr6\libm.a(ldexp.o)
 .data          0x00000000        0x0 c:/program files (x86)/atmel/atmel toolchain/avr8 gcc/native/3.4.1061/avr8-gnu-toolchain/bin/../lib/gcc/avr/4.8.1/../../../../avr/lib/avr6\libm.a(ldexp.o)
 .bss           0x00000000        0x0 c:/program files (x86)/atmel/atmel toolchain/avr8 gcc/native/3.4.1061/avr8-gnu-toolchain/bin/../lib/gcc/avr/4.8.1/../../../../avr/lib/avr6\libm.a(ldexp.o)
 .text          0x00000000        0x0 c:/program files (x86)/atmel/atmel toolchain/avr8 gcc/native/3.4.1061/avr8-gnu-toolchain/bin/../lib/gcc/avr/4.8.1/../../../../avr/lib/avr6\libm.a(log.o)
 .data          0x00000000        0x0 c:/program files (x86)/atmel/atmel toolchain/avr8 gcc/native/3.4.1061/avr8-gnu-toolchain/bin/../lib/gcc/avr/4.8.1/../../../../avr/lib/avr6\libm.a(log.o)
 .bss           0x00000000        0x0 c:/program files (x86)/atmel/atmel toolchain/avr8 gcc/native/3.4.1061/avr8-gnu-toolchain/bin/../lib/gcc/avr/4.8.1/../../../../avr/lib/avr6\libm.a(log.o)
 .text          0x00000000        0x0 c:/program files (x86)/atmel/atmel toolchain/avr8 gcc/native/3.4.1061/avr8-gnu-toolchain/bin/../lib/gcc/avr/4.8.1/../../../../avr/lib/avr6\libm.a(modf.o)
 .data          0x00000000        0x0 c:/program files (x86)/atmel/atmel toolchain/avr8 gcc/native/3.4.1061/avr8-gnu-toolchain/bin/../lib/gcc/avr/4.8.1/../../../../avr/lib/avr6\libm.a(modf.o)
 .bss           0x00000000        0x0 c:/program files (x86)/atmel/atmel toolchain/avr8 gcc/native/3.4.1061/avr8-gnu-toolchain/bin/../lib/gcc/avr/4.8.1/../../../../avr/lib/avr6\libm.a(modf.o)
 .text          0x00000000        0x0 c:/program files (x86)/atmel/atmel toolchain/avr8 gcc/native/3.4.1061/avr8-gnu-toolchain/bin/../lib/gcc/avr/4.8.1/../../../../avr/lib/avr6\libm.a(fp_mpack.o)
 .data          0x00000000        0x0 c:/program files (x86)/atmel/atmel toolchain/avr8 gcc/native/3.4.1061/avr8-gnu-toolchain/bin/../lib/gcc/avr/4.8.1/../../../../avr/lib/avr6\libm.a(fp_mpack.o)
 .bss           0x00000000        0x0 c:/program files (x86)/atmel/atmel toolchain/avr8 gcc/native/3.4.1061/avr8-gnu-toolchain/bin/../lib/gcc/avr/4.8.1/../../../../avr/lib/avr6\libm.a(fp_mpack.o)
 .text          0x00000000        0x0 c:/program files (x86)/atmel/atmel toolchain/avr8 gcc/native/3.4.1061/avr8-gnu-toolchain/bin/../lib/gcc/avr/4.8.1/avr6\libgcc.a(_exit.o)
 .data          0x00000000        0x0 c:/program files (x86)/atmel/atmel toolchain/avr8 gcc/native/3.4.1061/avr8-gnu-toolchain/bin/../lib/gcc/avr/4.8.1/avr6\libgcc.a(_exit.o)
 .bss           0x00000000        0x0 c:/program files (x86)/atmel/atmel toolchain/avr8 gcc/native/3.4.1061/avr8-gnu-toolchain/bin/../lib/gcc/avr/4.8.1/avr6\libgcc.a(_exit.o)
 .text.libgcc.mul
                0x00000000        0x0 c:/program files (x86)/atmel/atmel toolchain/avr8 gcc/native/3.4.1061/avr8-gnu-toolchain/bin/../lib/gcc/avr/4.8.1/avr6\libgcc.a(_exit.o)
 .text.libgcc.div
                0x00000000        0x0 c:/program files (x86)/atmel/atmel toolchain/avr8 gcc/native/3.4.1061/avr8-gnu-toolchain/bin/../lib/gcc/avr/4.8.1/avr6\libgcc.a(_exit.o)
 .text.libgcc   0x00000000        0x0 c:/program files (x86)/atmel/atmel toolchain/avr8 gcc/native/3.4.1061/avr8-gnu-toolchain/bin/../lib/gcc/avr/4.8.1/avr6\libgcc.a(_exit.o)
 .text.libgcc.prologue
                0x00000000        0x0 c:/program files (x86)/atmel/atmel toolchain/avr8 gcc/native/3.4.1061/avr8-gnu-toolchain/bin/../lib/gcc/avr/4.8.1/avr6\libgcc.a(_exit.o)
 .text.libgcc.builtins
                0x00000000        0x0 c:/program files (x86)/atmel/atmel toolchain/avr8 gcc/native/3.4.1061/avr8-gnu-toolchain/bin/../lib/gcc/avr/4.8.1/avr6\libgcc.a(_exit.o)
 .text.libgcc.fmul
                0x00000000        0x0 c:/program files (x86)/atmel/atmel toolchain/avr8 gcc/native/3.4.1061/avr8-gnu-toolchain/bin/../lib/gcc/avr/4.8.1/avr6\libgcc.a(_exit.o)
 .text.libgcc.fixed
                0x00000000        0x0 c:/program files (x86)/atmel/atmel toolchain/avr8 gcc/native/3.4.1061/avr8-gnu-toolchain/bin/../lib/gcc/avr/4.8.1/avr6\libgcc.a(_exit.o)
 .text          0x00000000        0x0 c:/program files (x86)/atmel/atmel toolchain/avr8 gcc/native/3.4.1061/avr8-gnu-toolchain/bin/../lib/gcc/avr/4.8.1/avr6\libgcc.a(_copy_data.o)
 .data          0x00000000        0x0 c:/program files (x86)/atmel/atmel toolchain/avr8 gcc/native/3.4.1061/avr8-gnu-toolchain/bin/../lib/gcc/avr/4.8.1/avr6\libgcc.a(_copy_data.o)
 .bss           0x00000000        0x0 c:/program files (x86)/atmel/atmel toolchain/avr8 gcc/native/3.4.1061/avr8-gnu-toolchain/bin/../lib/gcc/avr/4.8.1/avr6\libgcc.a(_copy_data.o)
 .text.libgcc.mul
                0x00000000        0x0 c:/program files (x86)/atmel/atmel toolchain/avr8 gcc/native/3.4.1061/avr8-gnu-toolchain/bin/../lib/gcc/avr/4.8.1/avr6\libgcc.a(_copy_data.o)
 .text.libgcc.div
                0x00000000        0x0 c:/program files (x86)/atmel/atmel toolchain/avr8 gcc/native/3.4.1061/avr8-gnu-toolchain/bin/../lib/gcc/avr/4.8.1/avr6\libgcc.a(_copy_data.o)
 .text.libgcc   0x00000000        0x0 c:/program files (x86)/atmel/atmel toolchain/avr8 gcc/native/3.4.1061/avr8-gnu-toolchain/bin/../lib/gcc/avr/4.8.1/avr6\libgcc.a(_copy_data.o)
 .text.libgcc.prologue
                0x00000000        0x0 c:/program files (x86)/atmel/atmel toolchain/avr8 gcc/native/3.4.1061/avr8-gnu-toolchain/bin/../lib/gcc/avr/4.8.1/avr6\libgcc.a(_copy_data.o)
 .text.libgcc.builtins
                0x00000000        0x0 c:/program files (x86)/atmel/atmel toolchain/avr8 gcc/native/3.4.1061/avr8-gnu-toolchain/bin/../lib/gcc/avr/4.8.1/avr6\libgcc.a(_copy_data.o)
 .text.libgcc.fmul
                0x00000000        0x0 c:/program files (x86)/atmel/atmel toolchain/avr8 gcc/native/3.4.1061/avr8-gnu-toolchain/bin/../lib/gcc/avr/4.8.1/avr6\libgcc.a(_copy_data.o)
 .text.libgcc.fixed
                0x00000000        0x0 c:/program files (x86)/atmel/atmel toolchain/avr8 gcc/native/3.4.1061/avr8-gnu-toolchain/bin/../lib/gcc/avr/4.8.1/avr6\libgcc.a(_copy_data.o)
 .text          0x00000000        0x0 c:/program files (x86)/atmel/atmel toolchain/avr8 gcc/native/3.4.1061/avr8-gnu-toolchain/bin/../lib/gcc/avr/4.8.1/avr6\libgcc.a(_clear_bss.o)
 .data          0x00000000        0x0 c:/program files (x86)/atmel/atmel toolchain/avr8 gcc/native/3.4.1061/avr8-gnu-toolchain/bin/../lib/gcc/avr/4.8.1/avr6\libgcc.a(_clear_bss.o)
 .bss           0x00000000        0x0 c:/program files (x86)/atmel/atmel toolchain/avr8 gcc/native/3.4.1061/avr8-gnu-toolchain/bin/../lib/gcc/avr/4.8.1/avr6\libgcc.a(_clear_bss.o)
 .text.libgcc.mul
                0x00000000        0x0 c:/program files (x86)/atmel/atmel toolchain/avr8 gcc/native/3.4.1061/avr8-gnu-toolchain/bin/../lib/gcc/avr/4.8.1/avr6\libgcc.a(_clear_bss.o)
 .text.libgcc.div
                0x00000000        0x0 c:/program files (x86)/atmel/atmel toolchain/avr8 gcc/native/3.4.1061/avr8-gnu-toolchain/bin/../lib/gcc/avr/4.8.1/avr6\libgcc.a(_clear_bss.o)
 .text.libgcc   0x00000000        0x0 c:/program files (x86)/atmel/atmel toolchain/avr8 gcc/native/3.4.1061/avr8-gnu-toolchain/bin/../lib/gcc/avr/4.8.1/avr6\libgcc.a(_clear_bss.o)
 .text.libgcc.prologue
                0x00000000        0x0 c:/program files (x86)/atmel/atmel toolchain/avr8 gcc/native/3.4.1061/avr8-gnu-toolchain/bin/../lib/gcc/avr/4.8.1/avr6\libgcc.a(_clear_bss.o)
 .text.libgcc.builtins
                0x00000000        0x0 c:/program files (x86)/atmel/atmel toolchain/avr8 gcc/native/3.4.1061/avr8-gnu-toolchain/bin/../lib/gcc/avr/4.8.1/avr6\libgcc.a(_clear_bss.o)
 .text.libgcc.fmul
                0x00000000        0x0 c:/program files (x86)/atmel/atmel toolchain/avr8 gcc/native/3.4.1061/avr8-gnu-toolchain/bin/../lib/gcc/avr/4.8.1/avr6\libgcc.a(_clear_bss.o)
 .text.libgcc.fixed
                0x00000000        0x0 c:/program files (x86)/atmel/atmel toolchain/avr8 gcc/native/3.4.1061/avr8-gnu-toolchain/bin/../lib/gcc/avr/4.8.1/avr6\libgcc.a(_clear_bss.o)
 .text          0x00000000        0x0 c:/program files (x86)/atmel/atmel toolchain/avr8 gcc/native/3.4.1061/avr8-gnu-toolchain/bin/../lib/gcc/avr/4.8.1/avr6\libgcc.a(_umulhisi3.o)
 .data          0x00000000        0x0 c:/program files (x86)/atmel/atmel toolchain/avr8 gcc/native/3.4.1061/avr8-gnu-toolchain/bin/../lib/gcc/avr/4.8.1/avr6\libgcc.a(_umulhisi3.o)
 .bss           0x00000000        0x0 c:/program files (x86)/atmel/atmel toolchain/avr8 gcc/native/3.4.1061/avr8-gnu-toolchain/bin/../lib/gcc/avr/4.8.1/avr6\libgcc.a(_umulhisi3.o)
 .text.libgcc.div
                0x00000000        0x0 c:/program files (x86)/atmel/atmel toolchain/avr8 gcc/native/3.4.1061/avr8-gnu-toolchain/bin/../lib/gcc/avr/4.8.1/avr6\libgcc.a(_umulhisi3.o)
 .text.libgcc   0x00000000        0x0 c:/program files (x86)/atmel/atmel toolchain/avr8 gcc/native/3.4.1061/avr8-gnu-toolchain/bin/../lib/gcc/avr/4.8.1/avr6\libgcc.a(_umulhisi3.o)
 .text.libgcc.prologue
                0x00000000        0x0 c:/program files (x86)/atmel/atmel toolchain/avr8 gcc/native/3.4.1061/avr8-gnu-toolchain/bin/../lib/gcc/avr/4.8.1/avr6\libgcc.a(_umulhisi3.o)
 .text.libgcc.builtins
                0x00000000        0x0 c:/program files (x86)/atmel/atmel toolchain/avr8 gcc/native/3.4.1061/avr8-gnu-toolchain/bin/../lib/gcc/avr/4.8.1/avr6\libgcc.a(_umulhisi3.o)
 .text.libgcc.fmul
                0x00000000        0x0 c:/program files (x86)/atmel/atmel toolchain/avr8 gcc/native/3.4.1061/avr8-gnu-toolchain/bin/../lib/gcc/avr/4.8.1/avr6\libgcc.a(_umulhisi3.o)
 .text.libgcc.fixed
                0x00000000        0x0 c:/program files (x86)/atmel/atmel toolchain/avr8 gcc/native/3.4.1061/avr8-gnu-toolchain/bin/../lib/gcc/avr/4.8.1/avr6\libgcc.a(_umulhisi3.o)
 .text          0x00000000        0x0 c:/program files (x86)/atmel/atmel toolchain/avr8 gcc/native/3.4.1061/avr8-gnu-toolchain/bin/../lib/gcc/avr/4.8.1/../../../../avr/lib/avr6\libc.a(malloc.o)
 .bss           0x00000000        0x0 c:/program files (x86)/atmel/atmel toolchain/avr8 gcc/native/3.4.1061/avr8-gnu-toolchain/bin/../lib/gcc/avr/4.8.1/../../../../avr/lib/avr6\libc.a(malloc.o)

Memory Configuration

Name             Origin             Length             Attributes
text             0x00000000         0x00100000         xr
data             0x00800200         0x0000fe00         rw !x
eeprom           0x00810000         0x00010000         rw !x
fuse             0x00820000         0x00000400         rw !x
lock             0x00830000         0x00000400         rw !x
signature        0x00840000         0x00000400         rw !x
user_signatures  0x00850000         0x00000400         rw !x
*default*        0x00000000         0xffffffff

Linker script and memory map

Address of section .data set to 0x800200
LOAD c:/program files (x86)/atmel/atmel toolchain/avr8 gcc/native/3.4.1061/avr8-gnu-toolchain/bin/../lib/gcc/avr/4.8.1/../../../../avr/lib/avr6/crtm2560.o
LOAD Task5.o
START GROUP
LOAD c:/program files (x86)/atmel/atmel toolchain/avr8 gcc/native/3.4.1061/avr8-gnu-toolchain/bin/../lib/gcc/avr/4.8.1/../../../../avr/lib/avr6\libm.a
END GROUP
START GROUP
LOAD c:/program files (x86)/atmel/atmel toolchain/avr8 gcc/native/3.4.1061/avr8-gnu-toolchain/bin/../lib/gcc/avr/4.8.1/avr6\libgcc.a
LOAD c:/program files (x86)/atmel/atmel toolchain/avr8 gcc/native/3.4.1061/avr8-gnu-toolchain/bin/../lib/gcc/avr/4.8.1/../../../../avr/lib/avr6\libm.a
LOAD c:/program files (x86)/atmel/atmel toolchain/avr8 gcc/native/3.4.1061/avr8-gnu-toolchain/bin/../lib/gcc/avr/4.8.1/../../../../avr/lib/avr6\libc.a
END GROUP

.hash
 *(.hash)

.dynsym
 *(.dynsym)

.dynstr
 *(.dynstr)

.gnu.version
 *(.gnu.version)

.gnu.version_d
 *(.gnu.version_d)

.gnu.version_r
 *(.gnu.version_r)

.rel.init
 *(.rel.init)

.rela.init
 *(.rela.init)

.rel.text
 *(.rel.text)
 *(.rel.text.*)
 *(.rel.gnu.linkonce.t*)

.rela.text
 *(.rela.text)
 *(.rela.text.*)
 *(.rela.gnu.linkonce.t*)

.rel.fini
 *(.rel.fini)

.rela.fini
 *(.rela.fini)

.rel.rodata
 *(.rel.rodata)
 *(.rel.rodata.*)
 *(.rel.gnu.linkonce.r*)

.rela.rodata
 *(.rela.rodata)
 *(.rela.rodata.*)
 *(.rela.gnu.linkonce.r*)

.rel.data
 *(.rel.data)
 *(.rel.data.*)
 *(.rel.gnu.linkonce.d*)

.rela.data
 *(.rela.data)
 *(.rela.data.*)
 *(.rela.gnu.linkonce.d*)

.rel.ctors
 *(.rel.ctors)

.rela.ctors
 *(.rela.ctors)

.rel.dtors
 *(.rel.dtors)

.rela.dtors
 *(.rela.dtors)

.rel.got
 *(.rel.got)

.rela.got
 *(.rela.got)

.rel.bss
 *(.rel.bss)

.rela.bss
 *(.rela.bss)

.rel.plt
 *(.rel.plt)

.rela.plt
 *(.rela.plt)

.text           0x00000000     0x485c
 *(.vectors)
 .vectors       0x00000000       0xe4 c:/program files (x86)/atmel/atmel toolchain/avr8 gcc/native/3.4.1061/avr8-gnu-toolchain/bin/../lib/gcc/avr/4.8.1/../../../../avr/lib/avr6/crtm2560.o
                0x00000000                __vector_default
                0x00000000                __vectors
 *(.vectors)
 *(.progmem.gcc*)
 .progmem.gcc_fplib
                0x000000e4       0x28 c:/program files (x86)/atmel/atmel toolchain/avr8 gcc/native/3.4.1061/avr8-gnu-toolchain/bin/../lib/gcc/avr/4.8.1/../../../../avr/lib/avr6\libm.a(exp.o)
 .progmem.gcc_fplib
                0x0000010c       0x5a c:/program files (x86)/atmel/atmel toolchain/avr8 gcc/native/3.4.1061/avr8-gnu-toolchain/bin/../lib/gcc/avr/4.8.1/../../../../avr/lib/avr6\libm.a(log.o)
                0x00000166                . = ALIGN (0x2)
                0x00000166                __trampolines_start = .
 *(.trampolines)
 .trampolines   0x00000166        0x0 linker stubs
 *(.trampolines*)
                0x00000166                __trampolines_end = .
 *(.progmem*)
                0x00000166                . = ALIGN (0x2)
 *(.jumptables)
 *(.jumptables*)
 *(.lowtext)
 *(.lowtext*)
                0x00000166                __ctors_start = .
 *(.ctors)
                0x00000166                __ctors_end = .
                0x00000166                __dtors_start = .
 *(.dtors)
                0x00000166                __dtors_end = .
 SORT(*)(.ctors)
 SORT(*)(.dtors)
 *(.init0)
 .init0         0x00000166        0x0 c:/program files (x86)/atmel/atmel toolchain/avr8 gcc/native/3.4.1061/avr8-gnu-toolchain/bin/../lib/gcc/avr/4.8.1/../../../../avr/lib/avr6/crtm2560.o
                0x00000166                __init
 *(.init0)
 *(.init1)
 *(.init1)
 *(.init2)
 .init2         0x00000166       0x10 c:/program files (x86)/atmel/atmel toolchain/avr8 gcc/native/3.4.1061/avr8-gnu-toolchain/bin/../lib/gcc/avr/4.8.1/../../../../avr/lib/avr6/crtm2560.o
 *(.init2)
 *(.init3)
 *(.init3)
 *(.init4)
 .init4         0x00000176       0x1a c:/program files (x86)/atmel/atmel toolchain/avr8 gcc/native/3.4.1061/avr8-gnu-toolchain/bin/../lib/gcc/avr/4.8.1/avr6\libgcc.a(_copy_data.o)
                0x00000176                __do_copy_data
 .init4         0x00000190       0x10 c:/program files (x86)/atmel/atmel toolchain/avr8 gcc/native/3.4.1061/avr8-gnu-toolchain/bin/../lib/gcc/avr/4.8.1/avr6\libgcc.a(_clear_bss.o)
                0x00000190                __do_clear_bss
 *(.init4)
 *(.init5)
 *(.init5)
 *(.init6)
 *(.init6)
 *(.init7)
 *(.init7)
 *(.init8)
 *(.init8)
 *(.init9)
 .init9         0x000001a0        0x8 c:/program files (x86)/atmel/atmel toolchain/avr8 gcc/native/3.4.1061/avr8-gnu-toolchain/bin/../lib/gcc/avr/4.8.1/../../../../avr/lib/avr6/crtm2560.o
 *(.init9)
 *(.text)
 .text          0x000001a8        0x2 c:/program files (x86)/atmel/atmel toolchain/avr8 gcc/native/3.4.1061/avr8-gnu-toolchain/bin/../lib/gcc/avr/4.8.1/../../../../avr/lib/avr6/crtm2560.o
                0x000001a8                __vector_38
                0x000001a8                __vector_22
                0x000001a8                __vector_28
                0x000001a8                __vector_1
                0x000001a8                __vector_32
                0x000001a8                __vector_34
                0x000001a8                __vector_24
                0x000001a8                __vector_12
                0x000001a8                __vector_55
                0x000001a8                __vector_46
                0x000001a8                __bad_interrupt
                0x000001a8                __vector_31
                0x000001a8                __vector_35
                0x000001a8                __vector_39
                0x000001a8                __vector_3
                0x000001a8                __vector_23
                0x000001a8                __vector_30
                0x000001a8                __vector_45
                0x000001a8                __vector_25
                0x000001a8                __vector_11
                0x000001a8                __vector_54
                0x000001a8                __vector_13
                0x000001a8                __vector_17
                0x000001a8                __vector_19
                0x000001a8                __vector_56
                0x000001a8                __vector_7
                0x000001a8                __vector_49
                0x000001a8                __vector_41
                0x000001a8                __vector_43
                0x000001a8                __vector_27
                0x000001a8                __vector_33
                0x000001a8                __vector_47
                0x000001a8                __vector_52
                0x000001a8                __vector_37
                0x000001a8                __vector_4
                0x000001a8                __vector_44
                0x000001a8                __vector_51
                0x000001a8                __vector_9
                0x000001a8                __vector_2
                0x000001a8                __vector_21
                0x000001a8                __vector_15
                0x000001a8                __vector_36
                0x000001a8                __vector_29
                0x000001a8                __vector_40
                0x000001a8                __vector_8
                0x000001a8                __vector_26
                0x000001a8                __vector_48
                0x000001a8                __vector_14
                0x000001a8                __vector_53
                0x000001a8                __vector_10
                0x000001a8                __vector_50
                0x000001a8                __vector_16
                0x000001a8                __vector_18
                0x000001a8                __vector_20
                0x000001a8                __vector_42
                0x000001aa                . = ALIGN (0x2)
 *(.text.*)
 .text.lcd_port_config
                0x000001aa        0xe Task5.o
                0x000001aa                lcd_port_config
 .text.lcd_set_4bit
                0x000001b8       0x8a Task5.o
                0x000001b8                lcd_set_4bit
 .text.lcd_wr_command
                0x00000242       0x4a Task5.o
                0x00000242                lcd_wr_command
 .text.lcd_init
                0x0000028c       0x22 Task5.o
                0x0000028c                lcd_init
 .text.lcd_wr_char
                0x000002ae       0x4a Task5.o
                0x000002ae                lcd_wr_char
 .text.lcd_home
                0x000002f8        0x6 Task5.o
                0x000002f8                lcd_home
 .text.lcd_string
                0x000002fe       0x1c Task5.o
                0x000002fe                lcd_string
 .text.lcd_print
                0x0000031a      0x21a Task5.o
                0x0000031a                lcd_print
 .text.reverse  0x00000534       0x3c Task5.o
                0x00000534                reverse
 .text.dijkstra
                0x00000570      0x302 Task5.o
                0x00000570                dijkstra
 .text.dist_comp
                0x00000872      0x122 Task5.o
                0x00000872                dist_comp
 .text.which_node
                0x00000994       0xc4 Task5.o
                0x00000994                which_node
 .text.which_house
                0x00000a58       0x44 Task5.o
                0x00000a58                which_house
 .text.timer1_init
                0x00000a9c       0x46 Task5.o
                0x00000a9c                timer1_init
 .text.timer5_init
                0x00000ae2       0x36 Task5.o
                0x00000ae2                timer5_init
 .text.buzzer_pin_config
                0x00000b18        0x6 Task5.o
                0x00000b18                buzzer_pin_config
 .text.motion_pin_config
                0x00000b1e       0x22 Task5.o
                0x00000b1e                motion_pin_config
 .text.servo1_pin_config
                0x00000b40        0x6 Task5.o
                0x00000b40                servo1_pin_config
 .text.servo2_pin_config
                0x00000b46        0x6 Task5.o
                0x00000b46                servo2_pin_config
 .text.servo3_pin_config
                0x00000b4c        0x6 Task5.o
                0x00000b4c                servo3_pin_config
 .text.demux_pin_config
                0x00000b52       0x16 Task5.o
                0x00000b52                demux_pin_config
 .text.adc_pin_config
                0x00000b68        0xe Task5.o
                0x00000b68                adc_pin_config
 .text.port_init
                0x00000b76       0x12 Task5.o
                0x00000b76                port_init
 .text.__vector_6
                0x00000b88       0x4a Task5.o
                0x00000b88                __vector_6
 .text.__vector_5
                0x00000bd2       0x4a Task5.o
                0x00000bd2                __vector_5
 .text.motion_set
                0x00000c1c        0xc Task5.o
                0x00000c1c                motion_set
 .text.back     0x00000c28        0x6 Task5.o
                0x00000c28                back
 .text.forward  0x00000c2e        0x6 Task5.o
                0x00000c2e                forward
 .text.right    0x00000c34        0x6 Task5.o
                0x00000c34                right
 .text.left     0x00000c3a        0x6 Task5.o
                0x00000c3a                left
 .text.soft_right
                0x00000c40        0x6 Task5.o
                0x00000c40                soft_right
 .text.soft_left
                0x00000c46        0x6 Task5.o
                0x00000c46                soft_left
 .text.stop     0x00000c4c        0x6 Task5.o
                0x00000c4c                stop
 .text.servo_3  0x00000c52       0x4a Task5.o
                0x00000c52                servo_3
 .text.servo_4  0x00000c9c       0x4a Task5.o
                0x00000c9c                servo_4
 .text.servo_1_free
                0x00000ce6        0xe Task5.o
                0x00000ce6                servo_1_free
 .text.servo_2_free
                0x00000cf4        0xe Task5.o
                0x00000cf4                servo_2_free
 .text.servo_3_free
                0x00000d02        0xe Task5.o
                0x00000d02                servo_3_free
 .text.servo_4_free
                0x00000d10        0xe Task5.o
                0x00000d10                servo_4_free
 .text.ADC_Conversion
                0x00000d1e       0x36 Task5.o
                0x00000d1e                ADC_Conversion
 .text.Sharp_GP2D12_estimation
                0x00000d54       0x54 Task5.o
                0x00000d54                Sharp_GP2D12_estimation
 .text.LCD_Function
                0x00000da8       0x8a Task5.o
                0x00000da8                LCD_Function
 .text.object_detect
                0x00000e32       0x86 Task5.o
                0x00000e32                object_detect
 .text.m_pick   0x00000eb8       0x86 Task5.o
                0x00000eb8                m_pick
 .text.s_pick   0x00000f3e       0xa6 Task5.o
                0x00000f3e                s_pick
 .text.inv_place
                0x00000fe4       0xe6 Task5.o
                0x00000fe4                inv_place
 .text.m_place_lr
                0x000010ca       0x84 Task5.o
                0x000010ca                m_place_lr
 .text.s_place_lr
                0x0000114e       0x8c Task5.o
                0x0000114e                s_place_lr
 .text.s_place_hr
                0x000011da       0x8c Task5.o
                0x000011da                s_place_hr
 .text.static_reorientation
                0x00001266       0x5c Task5.o
                0x00001266                static_reorientation
 .text.forward_wls
                0x000012c2      0x2c6 Task5.o
                0x000012c2                forward_wls
 .text.forward_inv
                0x00001588      0x188 Task5.o
                0x00001588                forward_inv
 .text.forward_walls
                0x00001710      0x152 Task5.o
                0x00001710                forward_walls
 .text.static_reorientation_inv
                0x00001862       0xa8 Task5.o
                0x00001862                static_reorientation_inv
 .text.forward_zigzag
                0x0000190a      0x154 Task5.o
                0x0000190a                forward_zigzag
 .text.right_turn_wls
                0x00001a5e       0x4a Task5.o
                0x00001a5e                right_turn_wls
 .text.right_turn_inv
                0x00001aa8       0x76 Task5.o
                0x00001aa8                right_turn_inv
 .text.right_turn_wls_bwall
                0x00001b1e       0x4a Task5.o
                0x00001b1e                right_turn_wls_bwall
 .text.left_turn_wls
                0x00001b68       0x4a Task5.o
                0x00001b68                left_turn_wls
 .text.traverse
                0x00001bb2      0xd90 Task5.o
                0x00001bb2                traverse
 .text.block_traverse
                0x00002942      0x1fc Task5.o
                0x00002942                block_traverse
 .text.block_choose2
                0x00002b3e       0xf4 Task5.o
                0x00002b3e                block_choose2
 .text.left_turn_inv
                0x00002c32       0x82 Task5.o
                0x00002c32                left_turn_inv
 .text.adc_init
                0x00002cb4       0x1a Task5.o
                0x00002cb4                adc_init
 .text.init_devices
                0x00002cce       0x1c Task5.o
                0x00002cce                init_devices
 .text.main     0x00002cea     0x125a Task5.o
                0x00002cea                main
 .text.avr-libc.fplib
                0x00003f44        0xa c:/program files (x86)/atmel/atmel toolchain/avr8 gcc/native/3.4.1061/avr8-gnu-toolchain/bin/../lib/gcc/avr/4.8.1/../../../../avr/lib/avr6\libm.a(addsf3.o)
                0x00003f44                __subsf3
                0x00003f46                __addsf3
 .text.avr-libc.fplib
                0x00003f4e       0xc0 c:/program files (x86)/atmel/atmel toolchain/avr8 gcc/native/3.4.1061/avr8-gnu-toolchain/bin/../lib/gcc/avr/4.8.1/../../../../avr/lib/avr6\libm.a(addsf3x.o)
                0x00003f68                __addsf3x
 .text.avr-libc.fplib
                0x0000400e        0x4 c:/program files (x86)/atmel/atmel toolchain/avr8 gcc/native/3.4.1061/avr8-gnu-toolchain/bin/../lib/gcc/avr/4.8.1/../../../../avr/lib/avr6\libm.a(divsf3.o)
                0x0000400e                __divsf3
 .text.avr-libc.fplib
                0x00004012       0xcc c:/program files (x86)/atmel/atmel toolchain/avr8 gcc/native/3.4.1061/avr8-gnu-toolchain/bin/../lib/gcc/avr/4.8.1/../../../../avr/lib/avr6\libm.a(divsf3x.o)
                0x00004028                __divsf3x
                0x0000402c                __divsf3_pse
 .text.avr-libc.fplib
                0x000040de        0xa c:/program files (x86)/atmel/atmel toolchain/avr8 gcc/native/3.4.1061/avr8-gnu-toolchain/bin/../lib/gcc/avr/4.8.1/../../../../avr/lib/avr6\libm.a(fixsfsi.o)
                0x000040de                __fixsfsi
 .text.avr-libc.fplib
                0x000040e8       0x58 c:/program files (x86)/atmel/atmel toolchain/avr8 gcc/native/3.4.1061/avr8-gnu-toolchain/bin/../lib/gcc/avr/4.8.1/../../../../avr/lib/avr6\libm.a(fixunssfsi.o)
                0x000040e8                __fixunssfsi
 .text.avr-libc.fplib
                0x00004140       0x7a c:/program files (x86)/atmel/atmel toolchain/avr8 gcc/native/3.4.1061/avr8-gnu-toolchain/bin/../lib/gcc/avr/4.8.1/../../../../avr/lib/avr6\libm.a(floatsisf.o)
                0x00004140                __floatunsisf
                0x00004144                __floatsisf
 .text.avr-libc.fplib
                0x000041ba        0xc c:/program files (x86)/atmel/atmel toolchain/avr8 gcc/native/3.4.1061/avr8-gnu-toolchain/bin/../lib/gcc/avr/4.8.1/../../../../avr/lib/avr6\libm.a(fp_inf.o)
                0x000041ba                __fp_inf
 .text.avr-libc.fplib
                0x000041c6        0x6 c:/program files (x86)/atmel/atmel toolchain/avr8 gcc/native/3.4.1061/avr8-gnu-toolchain/bin/../lib/gcc/avr/4.8.1/../../../../avr/lib/avr6\libm.a(fp_nan.o)
                0x000041c6                __fp_nan
 .text.avr-libc.fplib
                0x000041cc        0xe c:/program files (x86)/atmel/atmel toolchain/avr8 gcc/native/3.4.1061/avr8-gnu-toolchain/bin/../lib/gcc/avr/4.8.1/../../../../avr/lib/avr6\libm.a(fp_pscA.o)
                0x000041cc                __fp_pscA
 .text.avr-libc.fplib
                0x000041da        0xe c:/program files (x86)/atmel/atmel toolchain/avr8 gcc/native/3.4.1061/avr8-gnu-toolchain/bin/../lib/gcc/avr/4.8.1/../../../../avr/lib/avr6\libm.a(fp_pscB.o)
                0x000041da                __fp_pscB
 .text.avr-libc.fplib
                0x000041e8       0x22 c:/program files (x86)/atmel/atmel toolchain/avr8 gcc/native/3.4.1061/avr8-gnu-toolchain/bin/../lib/gcc/avr/4.8.1/../../../../avr/lib/avr6\libm.a(fp_round.o)
                0x000041e8                __fp_round
 .text.avr-libc.fplib
                0x0000420a       0x44 c:/program files (x86)/atmel/atmel toolchain/avr8 gcc/native/3.4.1061/avr8-gnu-toolchain/bin/../lib/gcc/avr/4.8.1/../../../../avr/lib/avr6\libm.a(fp_split3.o)
                0x0000420a                __fp_split3
                0x0000421a                __fp_splitA
 .text.avr-libc.fplib
                0x0000424e        0xe c:/program files (x86)/atmel/atmel toolchain/avr8 gcc/native/3.4.1061/avr8-gnu-toolchain/bin/../lib/gcc/avr/4.8.1/../../../../avr/lib/avr6\libm.a(fp_zero.o)
                0x0000424e                __fp_zero
                0x00004250                __fp_szero
 .text.avr-libc.fplib
                0x0000425c        0x4 c:/program files (x86)/atmel/atmel toolchain/avr8 gcc/native/3.4.1061/avr8-gnu-toolchain/bin/../lib/gcc/avr/4.8.1/../../../../avr/lib/avr6\libm.a(mulsf3.o)
                0x0000425c                __mulsf3
 .text.avr-libc.fplib
                0x00004260       0xc2 c:/program files (x86)/atmel/atmel toolchain/avr8 gcc/native/3.4.1061/avr8-gnu-toolchain/bin/../lib/gcc/avr/4.8.1/../../../../avr/lib/avr6\libm.a(mulsf3x.o)
                0x00004274                __mulsf3x
                0x00004278                __mulsf3_pse
 .text.avr-libc.fplib
                0x00004322       0x98 c:/program files (x86)/atmel/atmel toolchain/avr8 gcc/native/3.4.1061/avr8-gnu-toolchain/bin/../lib/gcc/avr/4.8.1/../../../../avr/lib/avr6\libm.a(pow.o)
                0x00004322                pow
 .text.avr-libc.fplib
                0x000043ba       0x62 c:/program files (x86)/atmel/atmel toolchain/avr8 gcc/native/3.4.1061/avr8-gnu-toolchain/bin/../lib/gcc/avr/4.8.1/../../../../avr/lib/avr6\libm.a(exp.o)
                0x000043c4                exp
 .text.avr-libc.fplib
                0x0000441c       0x4a c:/program files (x86)/atmel/atmel toolchain/avr8 gcc/native/3.4.1061/avr8-gnu-toolchain/bin/../lib/gcc/avr/4.8.1/../../../../avr/lib/avr6\libm.a(fp_powser.o)
                0x0000441c                __fp_powser
 .text.avr-libc.fplib
                0x00004466        0xe c:/program files (x86)/atmel/atmel toolchain/avr8 gcc/native/3.4.1061/avr8-gnu-toolchain/bin/../lib/gcc/avr/4.8.1/../../../../avr/lib/avr6\libm.a(inverse.o)
                0x00004466                inverse
 .text.avr-libc.fplib
                0x00004474       0x6c c:/program files (x86)/atmel/atmel toolchain/avr8 gcc/native/3.4.1061/avr8-gnu-toolchain/bin/../lib/gcc/avr/4.8.1/../../../../avr/lib/avr6\libm.a(ldexp.o)
                0x00004478                ldexp
 .text.avr-libc.fplib
                0x000044e0       0x8a c:/program files (x86)/atmel/atmel toolchain/avr8 gcc/native/3.4.1061/avr8-gnu-toolchain/bin/../lib/gcc/avr/4.8.1/../../../../avr/lib/avr6\libm.a(log.o)
                0x000044ea                log
 .text.avr-libc.fplib
                0x0000456a       0x66 c:/program files (x86)/atmel/atmel toolchain/avr8 gcc/native/3.4.1061/avr8-gnu-toolchain/bin/../lib/gcc/avr/4.8.1/../../../../avr/lib/avr6\libm.a(modf.o)
                0x0000456a                modf
                0x0000456a                modff
 .text.avr-libc.fplib
                0x000045d0       0x1c c:/program files (x86)/atmel/atmel toolchain/avr8 gcc/native/3.4.1061/avr8-gnu-toolchain/bin/../lib/gcc/avr/4.8.1/../../../../avr/lib/avr6\libm.a(fp_mpack.o)
                0x000045d0                __fp_mpack
                0x000045d4                __fp_mpack_finite
 .text.libgcc.mul
                0x000045ec       0x1e c:/program files (x86)/atmel/atmel toolchain/avr8 gcc/native/3.4.1061/avr8-gnu-toolchain/bin/../lib/gcc/avr/4.8.1/avr6\libgcc.a(_umulhisi3.o)
                0x000045ec                __umulhisi3
 .text.avr-libc
                0x0000460a      0x24e c:/program files (x86)/atmel/atmel toolchain/avr8 gcc/native/3.4.1061/avr8-gnu-toolchain/bin/../lib/gcc/avr/4.8.1/../../../../avr/lib/avr6\libc.a(malloc.o)
                0x0000460a                malloc
                0x0000473a                free
                0x00004858                . = ALIGN (0x2)
 *(.fini9)
 .fini9         0x00004858        0x0 c:/program files (x86)/atmel/atmel toolchain/avr8 gcc/native/3.4.1061/avr8-gnu-toolchain/bin/../lib/gcc/avr/4.8.1/avr6\libgcc.a(_exit.o)
                0x00004858                _exit
                0x00004858                exit
 *(.fini9)
 *(.fini8)
 *(.fini8)
 *(.fini7)
 *(.fini7)
 *(.fini6)
 *(.fini6)
 *(.fini5)
 *(.fini5)
 *(.fini4)
 *(.fini4)
 *(.fini3)
 *(.fini3)
 *(.fini2)
 *(.fini2)
 *(.fini1)
 *(.fini1)
 *(.fini0)
 .fini0         0x00004858        0x4 c:/program files (x86)/atmel/atmel toolchain/avr8 gcc/native/3.4.1061/avr8-gnu-toolchain/bin/../lib/gcc/avr/4.8.1/avr6\libgcc.a(_exit.o)
 *(.fini0)
                0x0000485c                _etext = .

.data           0x00800200      0x2e2 load address 0x0000485c
                0x00800200                PROVIDE (__data_start, .)
 *(.data)
 .data          0x00800200        0x6 c:/program files (x86)/atmel/atmel toolchain/avr8 gcc/native/3.4.1061/avr8-gnu-toolchain/bin/../lib/gcc/avr/4.8.1/../../../../avr/lib/avr6\libc.a(malloc.o)
                0x00800200                __malloc_heap_end
                0x00800202                __malloc_heap_start
                0x00800204                __malloc_margin
 *(.data*)
 .data.movement_array
                0x00800206       0x78 Task5.o
                0x00800206                movement_array
 .data.G        0x0080027e      0x1c2 Task5.o
                0x0080027e                G
 .data.soft     0x00800440        0x1 Task5.o
                0x00800440                soft
 .data.turn     0x00800441        0x1 Task5.o
                0x00800441                turn
 .data.base     0x00800442        0x1 Task5.o
                0x00800442                base
 .data.h52      0x00800443        0x2 Task5.o
                0x00800443                h52
 .data.h51      0x00800445        0x2 Task5.o
                0x00800445                h51
 .data.h4n      0x00800447        0x2 Task5.o
                0x00800447                h4n
 .data.h3n      0x00800449        0x2 Task5.o
                0x00800449                h3n
 .data.h2n      0x0080044b        0x2 Task5.o
                0x0080044b                h2n
 .data.h1n      0x0080044d        0x2 Task5.o
                0x0080044d                h1n
 .data.b12n     0x0080044f        0x2 Task5.o
                0x0080044f                b12n
 .data.b11n     0x00800451        0x2 Task5.o
                0x00800451                b11n
 .data.b10n     0x00800453        0x2 Task5.o
                0x00800453                b10n
 .data.b9n      0x00800455        0x2 Task5.o
                0x00800455                b9n
 .data.b8n      0x00800457        0x2 Task5.o
                0x00800457                b8n
 .data.b7n      0x00800459        0x2 Task5.o
                0x00800459                b7n
 .data.b6n      0x0080045b        0x2 Task5.o
                0x0080045b                b6n
 .data.b5n      0x0080045d        0x2 Task5.o
                0x0080045d                b5n
 .data.b4n      0x0080045f        0x2 Task5.o
                0x0080045f                b4n
 .data.b3n      0x00800461        0x2 Task5.o
                0x00800461                b3n
 .data.b2n      0x00800463        0x2 Task5.o
                0x00800463                b2n
 .data.b1n      0x00800465        0x2 Task5.o
                0x00800465                b1n
 .data.which_material
                0x00800467       0x14 Task5.o
                0x00800467                which_material
 .data.house_config
                0x0080047b        0xa Task5.o
                0x0080047b                house_config
 .data.fdir     0x00800485        0x1 Task5.o
                0x00800485                fdir
 .data.face     0x00800486        0x1 Task5.o
                0x00800486                face
 .data.n        0x00800487        0x2 Task5.o
                0x00800487                n
 *(.rodata)
 *(.rodata*)
 .rodata.str1.1
                0x00800489       0x58 Task5.o
 *(.gnu.linkonce.d*)
                0x008004e2                . = ALIGN (0x2)
 *fill*         0x008004e1        0x1 
                0x008004e2                _edata = .
                0x008004e2                PROVIDE (__data_end, .)

.bss            0x008004e2       0x7c
                0x008004e2                PROVIDE (__bss_start, .)
 *(.bss)
 *(.bss*)
 .bss.count1    0x008004e2        0x2 Task5.o
                0x008004e2                count1
 .bss.ShaftCountRight
                0x008004e4        0x4 Task5.o
                0x008004e4                ShaftCountRight
 .bss.ShaftCountLeft
                0x008004e8        0x4 Task5.o
                0x008004e8                ShaftCountLeft
 .bss.block_placed
                0x008004ec       0x18 Task5.o
                0x008004ec                block_placed
 .bss.u         0x00800504        0x2 Task5.o
                0x00800504                u
 *(COMMON)
 COMMON         0x00800506       0x54 Task5.o
                0x00800506                pre
                0x00800524                Degrees
                0x00800526                million
                0x00800528                adc_reading
                0x00800529                ms
                0x0080052a                temp
                0x0080052c                rs
                0x0080052d                distance
                0x0080052e                ADC_Value
                0x0080052f                tens
                0x00800531                hundred
                0x00800533                wall
                0x00800534                ls
                0x00800535                sharp
                0x00800536                dis
                0x00800554                unit
                0x00800556                thousand
                0x00800558                value
 COMMON         0x0080055a        0x4 c:/program files (x86)/atmel/atmel toolchain/avr8 gcc/native/3.4.1061/avr8-gnu-toolchain/bin/../lib/gcc/avr/4.8.1/../../../../avr/lib/avr6\libc.a(malloc.o)
                0x0080055a                __brkval
                0x0080055c                __flp
                0x0080055e                PROVIDE (__bss_end, .)
                0x0000485c                __data_load_start = LOADADDR (.data)
                0x00004b3e                __data_load_end = (__data_load_start + SIZEOF (.data))

.noinit         0x0080055e        0x0
                0x0080055e                PROVIDE (__noinit_start, .)
 *(.noinit*)
                0x0080055e                PROVIDE (__noinit_end, .)
                0x0080055e                _end = .
                0x0080055e                PROVIDE (__heap_start, .)

.eeprom         0x00810000        0x0
 *(.eeprom*)
                0x00810000                __eeprom_end = .

.fuse
 *(.fuse)
 *(.lfuse)
 *(.hfuse)
 *(.efuse)

.lock
 *(.lock*)

.signature
 *(.signature*)

.user_signatures
 *(.user_signatures*)

.stab
 *(.stab)

.stabstr
 *(.stabstr)

.stab.excl
 *(.stab.excl)

.stab.exclstr
 *(.stab.exclstr)

.stab.index
 *(.stab.index)

.stab.indexstr
 *(.stab.indexstr)

.comment        0x00000000       0x30
 *(.comment)
 .comment       0x00000000       0x30 Task5.o
                                 0x31 (size before relaxing)
 .comment       0x00000000       0x31 c:/program files (x86)/atmel/atmel toolchain/avr8 gcc/native/3.4.1061/avr8-gnu-toolchain/bin/../lib/gcc/avr/4.8.1/../../../../avr/lib/avr6\libc.a(malloc.o)

.note.gnu.build-id
 *(.note.gnu.build-id)

.debug
 *(.debug)

.line
 *(.line)

.debug_srcinfo
 *(.debug_srcinfo)

.debug_sfnames
 *(.debug_sfnames)

.debug_aranges  0x00000000      0x2a0
 *(.debug_aranges)
 .debug_aranges
                0x00000000      0x2a0 Task5.o

.debug_pubnames
 *(.debug_pubnames)

.debug_info     0x00000000     0x7422
 *(.debug_info .gnu.linkonce.wi.*)
 .debug_info    0x00000000     0x7422 Task5.o

.debug_abbrev   0x00000000      0x488
 *(.debug_abbrev)
 .debug_abbrev  0x00000000      0x488 Task5.o

.debug_line     0x00000000     0x4045
 *(.debug_line .debug_line.* .debug_line_end)
 .debug_line    0x00000000     0x4045 Task5.o

.debug_frame    0x00000000      0x7a8
 *(.debug_frame)
 .debug_frame   0x00000000      0x7a8 Task5.o

.debug_str      0x00000000      0x744
 *(.debug_str)
 .debug_str     0x00000000      0x744 Task5.o
                                0x7b5 (size before relaxing)

.debug_loc      0x00000000     0x4995
 *(.debug_loc)
 .debug_loc     0x00000000     0x4995 Task5.o

.debug_macinfo
 *(.debug_macinfo)

.debug_weaknames
 *(.debug_weaknames)

.debug_funcnames
 *(.debug_funcnames)

.debug_typenames
 *(.debug_typenames)

.debug_varnames
 *(.debug_varnames)

.debug_pubtypes
 *(.debug_pubtypes)

.debug_ranges   0x00000000      0x358
 *(.debug_ranges)
 .debug_ranges  0x00000000      0x358 Task5.o

.debug_macro
 *(.debug_macro)
OUTPUT(Task5.elf elf32-avr)
LOAD linker stubs
